python : Traceback 
(most recent call 
last):
At line:1 char:1
+ python 
tests/verify_basic.py 
> test_output.txt 2>&1
+ ~~~~~~~~~~~~~~~~~~~~
~~~~~~~~~~~~~~~~~~~~~~
~~~~~~~~~
    + CategoryInfo    
          : NotSpeci  
  fied: (Traceback    
 (most recent call    
 last)::String) [    
], RemoteExceptio    n
    + FullyQualifiedE 
   rrorId : NativeCo  
  mmandError
 
  File "C:\Users\yashv
\dev\ai pocket\pocket_
ai\tests\verify_basic.
py", line 8, in 
<module>
    from 
pocket_ai.core.config 
import get_config
  File "C:\Users\yashv
\dev\ai pocket\pocket_
ai\pocket_ai\core\conf
ig.py", line 10, in 
<module>
    _config_instance: 
Optional[Config] = 
None
                      
         ^^^^^^
NameError: name 
'Config' is not 
defined
